<?xml version="1.0" encoding="UTF-8"?><testsuite name="nosetests" tests="6" errors="0" failures="0" skip="0"><testcase classname="integration.component.test_deploy_vm_lease.TestDeployVMLease" name="test_01_deploy_vm_no_lease_svc_offering" time="55.914"></testcase><testcase classname="integration.component.test_deploy_vm_lease.TestDeployVMLease" name="test_02_deploy_vm_no_lease_svc_offering_with_lease_params" time="54.334"></testcase><testcase classname="integration.component.test_deploy_vm_lease.TestDeployVMLease" name="test_03_deploy_vm_lease_svc_offering_with_no_param" time="56.395"></testcase><testcase classname="integration.component.test_deploy_vm_lease.TestDeployVMLease" name="test_04_deploy_vm_lease_svc_offering_with_param" time="55.661"></testcase><testcase classname="integration.component.test_deploy_vm_lease.TestDeployVMLease" name="test_05_deploy_vm_lease_svc_offering_with_lease_param_disabled" time="56.097"></testcase><testcase classname="integration.component.test_deploy_vm_lease.TestDeployVMLease" name="test_06_deploy_vm_lease_svc_offering_with_disabled_lease" time="53.064"></testcase></testsuite>